\BOOKMARK [1][-]{section.A}{\376\377\000T\000h\000e\000o\000r\000y\000,\000\040\000i\000m\000p\000l\000e\000m\000e\000n\000t\000a\000t\000i\000o\000n\000,\000\040\000a\000n\000d\000\040\000e\000x\000p\000e\000r\000i\000m\000e\000n\000t\000a\000l\000\040\000d\000e\000t\000a\000i\000l\000s}{}% 1
\BOOKMARK [2][-]{subsection.A.1}{\376\377\000D\000i\000m\000e\000n\000s\000i\000o\000n\000\040\000p\000r\000e\000s\000e\000r\000v\000a\000t\000i\000o\000n\000\040\000u\000n\000d\000e\000r\000\040\000d\000e\000l\000a\000y\000\040\000r\000e\000c\000o\000n\000s\000t\000r\000u\000c\000t\000i\000o\000n}{section.A}% 2
\BOOKMARK [2][-]{subsection.A.2}{\376\377\000R\000e\000c\000u\000r\000r\000e\000n\000t\000,\000\040\000t\000r\000a\000n\000s\000i\000e\000n\000t\000,\000\040\000a\000n\000d\000\040\000s\000t\000o\000c\000h\000a\000s\000t\000i\000c\000\040\000r\000e\000g\000i\000m\000e\000s}{section.A}% 3
\BOOKMARK [2][-]{subsection.A.3}{\376\377\000P\000o\000o\000l\000e\000d\000\040\000e\000s\000t\000i\000m\000a\000t\000o\000r\000:\000\040\000i\000m\000p\000l\000e\000m\000e\000n\000t\000a\000t\000i\000o\000n\000\040\000s\000t\000e\000p\000s}{section.A}% 4
\BOOKMARK [2][-]{subsection.A.4}{\376\377\000A\000f\000f\000i\000n\000e\000\040\000i\000n\000v\000a\000r\000i\000a\000n\000c\000e\000\040\000a\000n\000d\000\040\000i\000t\000s\000\040\000i\000m\000p\000l\000e\000m\000e\000n\000t\000a\000t\000i\000o\000n\000\040\000b\000o\000u\000n\000d\000a\000r\000y}{section.A}% 5
\BOOKMARK [2][-]{subsection.A.5}{\376\377\000P\000o\000o\000l\000i\000n\000g\000\040\000a\000n\000d\000\040\000d\000e\000p\000e\000n\000d\000e\000n\000c\000e}{section.A}% 6
\BOOKMARK [1][-]{section.B}{\376\377\000C\000o\000n\000f\000i\000g\000u\000r\000a\000t\000i\000o\000n\000s\000\040\000a\000n\000d\000\040\000r\000e\000p\000r\000o\000d\000u\000c\000i\000b\000i\000l\000i\000t\000y}{}% 7
\BOOKMARK [1][-]{section.C}{\376\377\000D\000e\000v\000e\000l\000o\000p\000m\000e\000n\000t\000\040\000s\000y\000s\000t\000e\000m\000s\000\040\000a\000n\000d\000\040\000M\000L\000P\000-\000b\000a\000s\000e\000d\000\040\000r\000e\000c\000o\000v\000e\000r\000y}{}% 8
\BOOKMARK [2][-]{subsection.C.1}{\376\377\000A\000n\000a\000l\000y\000t\000i\000c\000\040\000a\000n\000d\000\040\000d\000r\000i\000v\000e\000n\000-\000l\000e\000a\000r\000n\000i\000n\000g\000\040\000e\000v\000a\000l\000u\000a\000t\000i\000o\000n}{section.C}% 9
\BOOKMARK [2][-]{subsection.C.2}{\376\377\000D\000e\000n\000s\000e\000\040\000r\000e\000g\000r\000e\000s\000s\000i\000o\000n\000\040\000w\000i\000t\000h\000\040\000e\000n\000d\000o\000g\000e\000n\000o\000u\000s\000\040\000m\000o\000d\000e\000s}{section.C}% 10
\BOOKMARK [2][-]{subsection.C.3}{\376\377\000L\000e\000a\000r\000n\000e\000d\000\040\000a\000u\000t\000o\000n\000o\000m\000o\000u\000s\000\040\000g\000e\000n\000e\000r\000a\000t\000o\000r\000s}{section.C}% 11
\BOOKMARK [1][-]{section.D}{\376\377\000A\000p\000p\000l\000i\000e\000d\000\040\000t\000r\000a\000i\000n\000i\000n\000g\000\040\000p\000r\000o\000c\000e\000d\000u\000r\000e\000s\000\040\000a\000n\000d\000\040\000f\000u\000l\000l\000\040\000c\000o\000m\000p\000a\000r\000i\000s\000o\000n\000s}{}% 12
\BOOKMARK [2][-]{subsection.D.1}{\376\377\000C\000N\000N\000\040\000a\000n\000d\000\040\000R\000e\000s\000N\000e\000t\000\040\000i\000n\000t\000e\000r\000v\000e\000n\000t\000i\000o\000n\000s}{section.D}% 13
\BOOKMARK [2][-]{subsection.D.2}{\376\377\000N\000a\000t\000u\000r\000a\000l\000\040\000s\000c\000a\000l\000a\000r\000\040\000b\000a\000s\000e\000l\000i\000n\000e\000s}{section.D}% 14
\BOOKMARK [2][-]{subsection.D.3}{\376\377\000R\000e\000L\000U\000-\000d\000e\000a\000t\000h\000\040\000s\000t\000r\000e\000s\000s\000\040\000t\000e\000s\000t}{section.D}% 15
\BOOKMARK [2][-]{subsection.D.4}{\376\377\000T\000e\000x\000t\000\040\000V\000A\000E\000\040\000a\000n\000d\000\040\000p\000r\000e\000s\000e\000r\000v\000a\000t\000i\000o\000n\000\040\000r\000e\000f\000e\000r\000e\000n\000c\000e}{section.D}% 16
\BOOKMARK [2][-]{subsection.D.5}{\376\377\000C\000y\000c\000l\000i\000c\000-\000V\000A\000E\000\040\000m\000o\000n\000i\000t\000o\000r\000i\000n\000g}{section.D}% 17
\BOOKMARK [1][-]{section.E}{\376\377\000A\000d\000d\000i\000t\000i\000o\000n\000a\000l\000\040\000l\000e\000a\000r\000n\000i\000n\000g\000\040\000s\000e\000t\000t\000i\000n\000g\000s}{}% 18
\BOOKMARK [2][-]{subsection.E.1}{\376\377\000S\000e\000l\000e\000c\000t\000i\000n\000g\000\040\000p\000o\000l\000i\000c\000i\000e\000s\000\040\000f\000o\000r\000\040\000a\000c\000t\000u\000a\000t\000o\000r\000\040\000s\000h\000i\000f\000t\000s}{section.E}% 19
\BOOKMARK [1][-]{section.F}{\376\377\000T\000i\000m\000i\000n\000g\000\040\000p\000r\000o\000c\000e\000d\000u\000r\000e\000s\000\040\000a\000n\000d\000\040\000i\000n\000f\000o\000r\000m\000a\000t\000i\000o\000n\000\040\000r\000e\000q\000u\000i\000r\000e\000m\000e\000n\000t\000s}{}% 20
\BOOKMARK [2][-]{subsection.F.1}{\376\377\000C\000o\000m\000p\000u\000t\000i\000n\000g\000\040\000i\000n\000f\000r\000a\000s\000t\000r\000u\000c\000t\000u\000r\000e\000\040\000a\000n\000d\000\040\000p\000r\000o\000v\000e\000n\000a\000n\000c\000e}{section.F}% 21
\BOOKMARK [2][-]{subsection.F.2}{\376\377\000B\000e\000n\000c\000h\000m\000a\000r\000k\000-\000s\000p\000e\000c\000i\000f\000i\000c\000\040\000t\000i\000m\000i\000n\000g\000\040\000a\000n\000d\000\040\000s\000t\000o\000r\000a\000g\000e}{section.F}% 22
\BOOKMARK [1][-]{section.G}{\376\377\000H\000o\000w\000\040\000t\000h\000e\000\040\000e\000x\000p\000e\000r\000i\000m\000e\000n\000t\000s\000\040\000s\000u\000p\000p\000o\000r\000t\000\040\000t\000h\000e\000\040\000m\000e\000t\000h\000o\000d}{}% 23
\BOOKMARK [1][-]{section.H}{\376\377\000F\000o\000r\000e\000c\000a\000s\000t\000\040\000s\000e\000l\000e\000c\000t\000i\000o\000n\000\040\000a\000n\000d\000\040\000s\000a\000m\000p\000l\000e\000d\000-\000q\000u\000e\000r\000y\000\040\000e\000s\000t\000i\000m\000a\000t\000i\000o\000n}{}% 24
\BOOKMARK [1][-]{section.I}{\376\377\000T\000r\000a\000i\000n\000i\000n\000g\000\040\000i\000n\000t\000e\000r\000v\000e\000n\000t\000i\000o\000n\000s\000:\000\040\000b\000e\000n\000e\000f\000i\000t\000s\000\040\000a\000n\000d\000\040\000b\000a\000s\000e\000l\000i\000n\000e\000\040\000c\000o\000m\000p\000a\000r\000i\000s\000o\000n\000s}{}% 25
