\BOOKMARK [1][-]{section.1}{\376\377\000I\000n\000t\000r\000o\000d\000u\000c\000t\000i\000o\000n}{}% 1
\BOOKMARK [1][-]{section.2}{\376\377\000D\000e\000t\000e\000c\000t\000i\000n\000g\000\040\000s\000i\000m\000p\000l\000i\000f\000i\000c\000a\000t\000i\000o\000n\000\040\000i\000n\000\040\000n\000e\000u\000r\000a\000l\000\040\000n\000e\000t\000w\000o\000r\000k\000\040\000d\000y\000n\000a\000m\000i\000c\000s}{}% 2
\BOOKMARK [2][-]{subsection.2.1}{\376\377\000P\000r\000o\000b\000l\000e\000m\000\040\000s\000t\000a\000t\000e\000m\000e\000n\000t}{section.2}% 3
\BOOKMARK [2][-]{subsection.2.2}{\376\377\000D\000e\000l\000a\000y\000\040\000r\000e\000c\000o\000n\000s\000t\000r\000u\000c\000t\000i\000o\000n\000\040\000a\000n\000d\000\040\000d\000y\000n\000a\000m\000i\000c\000a\000l\000-\000s\000y\000s\000t\000e\000m\000s\000\040\000t\000h\000e\000o\000r\000y}{section.2}% 4
\BOOKMARK [2][-]{subsection.2.3}{\376\377\000P\000o\000o\000l\000e\000d\000\040\000l\000o\000c\000a\000l\000-\000d\000i\000m\000e\000n\000s\000i\000o\000n\000\040\000e\000s\000t\000i\000m\000a\000t\000i\000o\000n}{section.2}% 5
\BOOKMARK [2][-]{subsection.2.4}{\376\377\000M\000e\000a\000s\000u\000r\000e\000m\000e\000n\000t\000\040\000a\000n\000d\000\040\000i\000n\000t\000e\000r\000p\000r\000e\000t\000a\000t\000i\000o\000n\000\040\000p\000i\000p\000e\000l\000i\000n\000e}{section.2}% 6
\BOOKMARK [1][-]{section.3}{\376\377\000R\000e\000c\000o\000v\000e\000r\000i\000n\000g\000\040\000c\000o\000m\000p\000o\000n\000e\000n\000t\000\040\000s\000t\000r\000u\000c\000t\000u\000r\000e\000\040\000i\000n\000\040\000s\000y\000n\000t\000h\000e\000t\000i\000c\000\040\000e\000x\000p\000e\000r\000i\000m\000e\000n\000t\000s}{}% 7
\BOOKMARK [2][-]{subsection.3.1}{\376\377\000A\000n\000a\000l\000y\000t\000i\000c\000\040\000o\000s\000c\000i\000l\000l\000a\000t\000o\000r\000s\000\040\000a\000n\000d\000\040\000l\000e\000a\000r\000n\000i\000n\000g}{section.3}% 8
\BOOKMARK [2][-]{subsection.3.2}{\376\377\000L\000e\000a\000r\000n\000e\000d\000\040\000g\000e\000n\000e\000r\000a\000t\000o\000r\000s\000\040\000d\000i\000s\000t\000i\000n\000g\000u\000i\000s\000h\000\040\000p\000h\000a\000s\000e\000s\000\040\000f\000r\000o\000m\000\040\000h\000a\000r\000m\000o\000n\000i\000c\000s}{section.3}% 9
\BOOKMARK [2][-]{subsection.3.3}{\376\377\000F\000O\000R\000C\000E\000\040\000t\000r\000a\000i\000n\000i\000n\000g\000\040\000f\000r\000o\000m\000\040\000c\000h\000a\000o\000s\000\040\000t\000o\000\040\000p\000e\000r\000i\000o\000d\000i\000c\000\040\000o\000u\000t\000p\000u\000t}{section.3}% 10
\BOOKMARK [1][-]{section.4}{\376\377\000M\000o\000n\000i\000t\000o\000r\000i\000n\000g\000\040\000a\000n\000d\000\040\000s\000e\000l\000e\000c\000t\000i\000o\000n\000\040\000i\000n\000\040\000l\000e\000a\000r\000n\000e\000d\000\040\000s\000y\000s\000t\000e\000m\000s}{}% 11
\BOOKMARK [2][-]{subsection.4.1}{\376\377\000D\000e\000t\000e\000c\000t\000i\000n\000g\000\040\000r\000e\000s\000t\000r\000i\000c\000t\000i\000o\000n\000s\000\040\000o\000n\000\040\000C\000N\000N\000\040\000p\000a\000r\000a\000m\000e\000t\000e\000r\000\040\000u\000p\000d\000a\000t\000e\000s}{section.4}% 12
\BOOKMARK [2][-]{subsection.4.2}{\376\377\000T\000r\000a\000n\000s\000f\000e\000r\000r\000i\000n\000g\000\040\000t\000h\000e\000\040\000d\000e\000t\000e\000c\000t\000o\000r\000\040\000t\000o\000\040\000R\000e\000s\000N\000e\000t\000-\0001\0008}{section.4}% 13
\BOOKMARK [2][-]{subsection.4.3}{\376\377\000T\000r\000a\000c\000k\000i\000n\000g\000\040\000l\000a\000t\000e\000n\000t\000\040\000i\000n\000f\000o\000r\000m\000a\000t\000i\000o\000n\000\040\000i\000n\000\040\000a\000\040\000t\000e\000x\000t\000\040\000V\000A\000E}{section.4}% 14
\BOOKMARK [2][-]{subsection.4.4}{\376\377\000D\000e\000t\000e\000c\000t\000i\000n\000g\000\040\000c\000h\000a\000n\000g\000e\000s\000\040\000d\000u\000r\000i\000n\000g\000\040\000g\000r\000o\000k\000k\000i\000n\000g}{section.4}% 15
\BOOKMARK [2][-]{subsection.4.5}{\376\377\000S\000e\000l\000e\000c\000t\000i\000n\000g\000\040\000W\000a\000l\000k\000e\000r\0002\000d\000\040\000p\000o\000l\000i\000c\000i\000e\000s\000\040\000u\000n\000d\000e\000r\000\040\000a\000c\000t\000u\000a\000t\000o\000r\000\040\000s\000h\000i\000f\000t\000s}{section.4}% 16
\BOOKMARK [2][-]{subsection.4.6}{\376\377\000S\000e\000l\000e\000c\000t\000i\000n\000g\000\040\000S\000S\000L\000\040\000c\000o\000n\000f\000i\000g\000u\000r\000a\000t\000i\000o\000n\000s\000\040\000f\000r\000o\000m\000\040\000g\000r\000a\000d\000i\000e\000n\000t\000\040\000l\000o\000g\000s}{section.4}% 17
\BOOKMARK [2][-]{subsection.4.7}{\376\377\000W\000a\000r\000n\000i\000n\000g\000\040\000o\000f\000\040\000l\000o\000s\000s\000\040\000s\000p\000i\000k\000e\000s\000\040\000i\000n\000\040\000t\000r\000a\000n\000s\000f\000o\000r\000m\000e\000r\000\040\000t\000r\000a\000i\000n\000i\000n\000g}{section.4}% 18
\BOOKMARK [2][-]{subsection.4.8}{\376\377\000F\000o\000r\000e\000c\000a\000s\000t\000\040\000m\000o\000d\000e\000l\000\040\000s\000e\000l\000e\000c\000t\000i\000o\000n\000\040\000f\000r\000o\000m\000\040\000s\000i\000n\000g\000l\000e\000-\000n\000e\000u\000r\000o\000n\000\040\000r\000e\000c\000o\000r\000d\000i\000n\000g\000s}{section.4}% 19
\BOOKMARK [1][-]{section.5}{\376\377\000C\000o\000m\000p\000u\000t\000a\000t\000i\000o\000n\000a\000l\000\040\000c\000o\000s\000t\000\040\000a\000n\000d\000\040\000m\000e\000a\000s\000u\000r\000e\000m\000e\000n\000t\000\040\000r\000e\000q\000u\000i\000r\000e\000m\000e\000n\000t\000s}{}% 20
\BOOKMARK [1][-]{section.6}{\376\377\000C\000o\000n\000c\000l\000u\000s\000i\000o\000n}{}% 21
\BOOKMARK [1][-]{section.A}{\376\377\000T\000h\000e\000o\000r\000y\000,\000\040\000i\000m\000p\000l\000e\000m\000e\000n\000t\000a\000t\000i\000o\000n\000,\000\040\000a\000n\000d\000\040\000e\000x\000p\000e\000r\000i\000m\000e\000n\000t\000a\000l\000\040\000d\000e\000t\000a\000i\000l\000s}{}% 22
\BOOKMARK [2][-]{subsection.A.1}{\376\377\000D\000i\000m\000e\000n\000s\000i\000o\000n\000\040\000p\000r\000e\000s\000e\000r\000v\000a\000t\000i\000o\000n\000\040\000u\000n\000d\000e\000r\000\040\000d\000e\000l\000a\000y\000\040\000r\000e\000c\000o\000n\000s\000t\000r\000u\000c\000t\000i\000o\000n}{section.A}% 23
\BOOKMARK [2][-]{subsection.A.2}{\376\377\000R\000e\000c\000u\000r\000r\000e\000n\000t\000,\000\040\000t\000r\000a\000n\000s\000i\000e\000n\000t\000,\000\040\000a\000n\000d\000\040\000s\000t\000o\000c\000h\000a\000s\000t\000i\000c\000\040\000r\000e\000g\000i\000m\000e\000s}{section.A}% 24
\BOOKMARK [2][-]{subsection.A.3}{\376\377\000C\000o\000m\000p\000u\000t\000i\000n\000g\000\040\000t\000h\000e\000\040\000p\000o\000o\000l\000e\000d\000\040\000e\000s\000t\000i\000m\000a\000t\000o\000r}{section.A}% 25
\BOOKMARK [2][-]{subsection.A.4}{\376\377\000A\000f\000f\000i\000n\000e\000\040\000i\000n\000v\000a\000r\000i\000a\000n\000c\000e\000\040\000a\000n\000d\000\040\000i\000t\000s\000\040\000i\000m\000p\000l\000e\000m\000e\000n\000t\000a\000t\000i\000o\000n\000\040\000b\000o\000u\000n\000d\000a\000r\000y}{section.A}% 26
\BOOKMARK [2][-]{subsection.A.5}{\376\377\000P\000o\000o\000l\000i\000n\000g\000\040\000a\000n\000d\000\040\000d\000e\000p\000e\000n\000d\000e\000n\000c\000e}{section.A}% 27
\BOOKMARK [1][-]{section.B}{\376\377\000C\000o\000n\000f\000i\000g\000u\000r\000a\000t\000i\000o\000n\000s\000\040\000a\000n\000d\000\040\000r\000e\000p\000r\000o\000d\000u\000c\000i\000b\000i\000l\000i\000t\000y}{}% 28
\BOOKMARK [1][-]{section.C}{\376\377\000D\000e\000v\000e\000l\000o\000p\000m\000e\000n\000t\000\040\000s\000y\000s\000t\000e\000m\000s\000\040\000a\000n\000d\000\040\000M\000L\000P\000-\000b\000a\000s\000e\000d\000\040\000r\000e\000c\000o\000v\000e\000r\000y}{}% 29
\BOOKMARK [2][-]{subsection.C.1}{\376\377\000A\000n\000a\000l\000y\000t\000i\000c\000\040\000a\000n\000d\000\040\000d\000r\000i\000v\000e\000n\000-\000l\000e\000a\000r\000n\000i\000n\000g\000\040\000e\000v\000a\000l\000u\000a\000t\000i\000o\000n}{section.C}% 30
\BOOKMARK [2][-]{subsection.C.2}{\376\377\000D\000e\000n\000s\000e\000\040\000r\000e\000g\000r\000e\000s\000s\000i\000o\000n\000\040\000w\000i\000t\000h\000\040\000e\000n\000d\000o\000g\000e\000n\000o\000u\000s\000\040\000m\000o\000d\000e\000s}{section.C}% 31
\BOOKMARK [2][-]{subsection.C.3}{\376\377\000L\000e\000a\000r\000n\000e\000d\000\040\000a\000u\000t\000o\000n\000o\000m\000o\000u\000s\000\040\000g\000e\000n\000e\000r\000a\000t\000o\000r\000s}{section.C}% 32
\BOOKMARK [1][-]{section.D}{\376\377\000A\000p\000p\000l\000i\000e\000d\000\040\000t\000r\000a\000i\000n\000i\000n\000g\000\040\000p\000r\000o\000c\000e\000d\000u\000r\000e\000s\000\040\000a\000n\000d\000\040\000f\000u\000l\000l\000\040\000c\000o\000m\000p\000a\000r\000i\000s\000o\000n\000s}{}% 33
\BOOKMARK [2][-]{subsection.D.1}{\376\377\000C\000N\000N\000\040\000a\000n\000d\000\040\000R\000e\000s\000N\000e\000t\000\040\000i\000n\000t\000e\000r\000v\000e\000n\000t\000i\000o\000n\000s}{section.D}% 34
\BOOKMARK [2][-]{subsection.D.2}{\376\377\000N\000a\000t\000u\000r\000a\000l\000\040\000s\000c\000a\000l\000a\000r\000\040\000b\000a\000s\000e\000l\000i\000n\000e\000s}{section.D}% 35
\BOOKMARK [2][-]{subsection.D.3}{\376\377\000R\000e\000L\000U\000-\000d\000e\000a\000t\000h\000\040\000s\000t\000r\000e\000s\000s\000\040\000t\000e\000s\000t}{section.D}% 36
\BOOKMARK [2][-]{subsection.D.4}{\376\377\000T\000e\000x\000t\000\040\000V\000A\000E\000\040\000a\000n\000d\000\040\000p\000r\000e\000s\000e\000r\000v\000a\000t\000i\000o\000n\000\040\000r\000e\000f\000e\000r\000e\000n\000c\000e}{section.D}% 37
\BOOKMARK [2][-]{subsection.D.5}{\376\377\000C\000y\000c\000l\000i\000c\000-\000V\000A\000E\000\040\000m\000o\000n\000i\000t\000o\000r\000i\000n\000g}{section.D}% 38
\BOOKMARK [1][-]{section.E}{\376\377\000A\000d\000d\000i\000t\000i\000o\000n\000a\000l\000\040\000l\000e\000a\000r\000n\000i\000n\000g\000\040\000s\000e\000t\000t\000i\000n\000g\000s}{}% 39
\BOOKMARK [2][-]{subsection.E.1}{\376\377\000S\000e\000l\000e\000c\000t\000i\000n\000g\000\040\000p\000o\000l\000i\000c\000i\000e\000s\000\040\000f\000o\000r\000\040\000a\000c\000t\000u\000a\000t\000o\000r\000\040\000s\000h\000i\000f\000t\000s}{section.E}% 40
\BOOKMARK [1][-]{section.F}{\376\377\000T\000i\000m\000i\000n\000g\000\040\000p\000r\000o\000c\000e\000d\000u\000r\000e\000s\000\040\000a\000n\000d\000\040\000i\000n\000f\000o\000r\000m\000a\000t\000i\000o\000n\000\040\000r\000e\000q\000u\000i\000r\000e\000m\000e\000n\000t\000s}{}% 41
\BOOKMARK [2][-]{subsection.F.1}{\376\377\000C\000o\000m\000p\000u\000t\000i\000n\000g\000\040\000i\000n\000f\000r\000a\000s\000t\000r\000u\000c\000t\000u\000r\000e\000\040\000a\000n\000d\000\040\000p\000r\000o\000v\000e\000n\000a\000n\000c\000e}{section.F}% 42
\BOOKMARK [2][-]{subsection.F.2}{\376\377\000B\000e\000n\000c\000h\000m\000a\000r\000k\000-\000s\000p\000e\000c\000i\000f\000i\000c\000\040\000t\000i\000m\000i\000n\000g\000\040\000a\000n\000d\000\040\000s\000t\000o\000r\000a\000g\000e}{section.F}% 43
\BOOKMARK [1][-]{section.G}{\376\377\000F\000o\000r\000e\000c\000a\000s\000t\000\040\000s\000e\000l\000e\000c\000t\000i\000o\000n\000\040\000a\000n\000d\000\040\000s\000a\000m\000p\000l\000e\000d\000-\000q\000u\000e\000r\000y\000\040\000e\000s\000t\000i\000m\000a\000t\000i\000o\000n}{}% 44
\BOOKMARK [1][-]{section.H}{\376\377\000C\000o\000m\000p\000a\000r\000i\000n\000g\000\040\000i\000n\000t\000e\000r\000v\000e\000n\000t\000i\000o\000n\000\040\000r\000u\000l\000e\000s}{}% 45
\BOOKMARK [1][-]{section.I}{\376\377\000F\000u\000r\000t\000h\000e\000r\000\040\000t\000e\000s\000t\000s\000\040\000o\000f\000\040\000p\000r\000a\000c\000t\000i\000c\000a\000l\000\040\000d\000e\000c\000i\000s\000i\000o\000n\000s}{}% 46
\BOOKMARK [2][-]{subsection.I.1}{\376\377\000S\000e\000l\000f\000-\000s\000u\000p\000e\000r\000v\000i\000s\000e\000d\000\040\000r\000e\000p\000r\000e\000s\000e\000n\000t\000a\000t\000i\000o\000n\000\040\000s\000e\000l\000e\000c\000t\000i\000o\000n}{section.I}% 47
\BOOKMARK [2][-]{subsection.I.2}{\376\377\000W\000a\000r\000n\000i\000n\000g\000\040\000o\000f\000\040\000s\000l\000i\000n\000g\000s\000h\000o\000t\000\040\000l\000o\000s\000s\000\040\000s\000p\000i\000k\000e\000s}{section.I}% 48
\BOOKMARK [2][-]{subsection.I.3}{\376\377\000R\000e\000s\000e\000t\000\040\000r\000u\000l\000e\000s\000,\000\040\000l\000e\000a\000r\000n\000i\000n\000g\000-\000r\000a\000t\000e\000\040\000s\000c\000h\000e\000d\000u\000l\000e\000s\000\040\000a\000n\000d\000\040\000t\000r\000a\000n\000s\000f\000e\000r}{section.I}% 49
